        modified:   1.txt


Administrator@PC201501241736 MINGW32 /d/gitProject (master)
$ touch .gitkeep

Administrator@PC201501241736 MINGW32 /d/gitProject (master)
$ git status
On branch master
Changes to be committed:
  (use "git reset HEAD <file>..." to unstage)

        modified:   1.txt

Untracked files:
  (use "git add <file>..." to include in what will be committed)

        .gitkeep


Administrator@PC201501241736 MINGW32 /d/gitProject (master)
$ git status
On branch master
Changes to be committed:
  (use "git reset HEAD <file>..." to unstage)

        modified:   1.txt

Untracked files:
  (use "git add <file>..." to include in what will be committed)

        css/


Administrator@PC201501241736 MINGW32 /d/gitProject (master)
$ git commit -m "添加了.gitkeep"
[master 84346eb] 添加了.gitkeep
 1 file changed, 1 insertion(+), 2 deletions(-)

Administrator@PC201501241736 MINGW32 /d/gitProject (master)
$ ssh-keygen -t rsa -C "1726191349@qq.com"
Generating public/private rsa key pair.
Enter file in which to save the key (/c/Users/Administrator/.ssh/id_rsa):
Created directory '/c/Users/Administrator/.ssh'.
Enter passphrase (empty for no passphrase):
Enter same passphrase again:
Your identification has been saved in /c/Users/Administrator/.ssh/id_rsa.
Your public key has been saved in /c/Users/Administrator/.ssh/id_rsa.pub.
The key fingerprint is:
SHA256:gwhAthx5jiuBd63Wl9UdcWEWZLMc3wzXZHRgHy5YoBk 1726191349@qq.com
The key's randomart image is:
+---[RSA 2048]----+
|o+.      E ...*/@|
|ooo.      + o.BBX|
|.o=  .   o o o ==|
|o..o....  . . o  |
| o...o. So       |
|..  o . o.       |
|.  .   .         |
|                 |
|                 |
+----[SHA256]-----+

Administrator@PC201501241736 MINGW32 /d/gitProject (master)
$ clear

Administrator@PC201501241736 MINGW32 /d/gitProject (master)
$ git remote add origin git https://github.com/skewface/test.git
usage: git remote add [<options>] <name> <url>

    -f, --fetch           fetch the remote branches
    --tags                import all tags and associated objects when fetching
                          or do not fetch any tag at all (--no-tags)
    -t, --track <branch>  branch(es) to track
    -m, --master <branch>
                          master branch
    --mirror[=<push|fetch>]
                          set up remote as a mirror to push to or fetch from


Administrator@PC201501241736 MINGW32 /d/gitProject (master)
$ git status
On branch master
Untracked files:
  (use "git add <file>..." to include in what will be committed)

        css/

nothing added to commit but untracked files present (use "git add" to track)

Administrator@PC201501241736 MINGW32 /d/gitProject (master)
$ git add .

Administrator@PC201501241736 MINGW32 /d/gitProject (master)
$ git commit -m "提交css"
[master 9c8ea19] 提交css
 1 file changed, 0 insertions(+), 0 deletions(-)
 create mode 100644 css/.gitkeep

Administrator@PC201501241736 MINGW32 /d/gitProject (master)
$ git status
On branch master
nothing to commit, working tree clean

Administrator@PC201501241736 MINGW32 /d/gitProject (master)
$ git remote add origin git https://github.com/skewface/test.git
usage: git remote add [<options>] <name> <url>

    -f, --fetch           fetch the remote branches
    --tags                import all tags and associated objects when fetching
                          or do not fetch any tag at all (--no-tags)
    -t, --track <branch>  branch(es) to track
    -m, --master <branch>
                          master branch
    --mirror[=<push|fetch>]
                          set up remote as a mirror to push to or fetch from


Administrator@PC201501241736 MINGW32 /d/gitProject (master)
$ git remote add origin git git@github.com:skewface/test.git
usage: git remote add [<options>] <name> <url>

    -f, --fetch           fetch the remote branches
    --tags                import all tags and associated objects when fetching
                          or do not fetch any tag at all (--no-tags)
    -t, --track <branch>  branch(es) to track
    -m, --master <branch>
                          master branch
    --mirror[=<push|fetch>]
                          set up remote as a mirror to push to or fetch from


Administrator@PC201501241736 MINGW32 /d/gitProject (master)
$ git push -u origin master
fatal: 'origin' does not appear to be a git repository
fatal: Could not read from remote repository.

Please make sure you have the correct access rights
and the repository exists.

Administrator@PC201501241736 MINGW32 /d/gitProject (master)
$ git pull
fatal: No remote repository specified.  Please, specify either a URL or a
remote name from which new revisions should be fetched.

Administrator@PC201501241736 MINGW32 /d/gitProject (master)
$ git remote rm origin
fatal: No such remote: origin

Administrator@PC201501241736 MINGW32 /d/gitProject (master)
$ git remote rm origin
fatal: No such remote: origin

Administrator@PC201501241736 MINGW32 /d/gitProject (master)
$ git remote add origin git git@github.com:skewface/test.git
usage: git remote add [<options>] <name> <url>

    -f, --fetch           fetch the remote branches
    --tags                import all tags and associated objects when fetching
                          or do not fetch any tag at all (--no-tags)
    -t, --track <branch>  branch(es) to track
    -m, --master <branch>
                          master branch
    --mirror[=<push|fetch>]
                          set up remote as a mirror to push to or fetch from


Administrator@PC201501241736 MINGW32 /d/gitProject (master)
$ git remote rm origin
fatal: No such remote: origin

Administrator@PC201501241736 MINGW32 /d/gitProject (master)
$ git remote add origin git git@github.com:skewface/test.git
usage: git remote add [<options>] <name> <url>

    -f, --fetch           fetch the remote branches
    --tags                import all tags and associated objects when fetching
                          or do not fetch any tag at all (--no-tags)
    -t, --track <branch>  branch(es) to track
    -m, --master <branch>
                          master branch
    --mirror[=<push|fetch>]
                          set up remote as a mirror to push to or fetch from


Administrator@PC201501241736 MINGW32 /d/gitProject (master)
$ git remote rm origin
fatal: No such remote: origin

Administrator@PC201501241736 MINGW32 /d/gitProject (master)
$ git remote add origin git@github.com:skewface/test.git

Administrator@PC201501241736 MINGW32 /d/gitProject (master)
$ git pull
The authenticity of host 'github.com (13.229.188.59)' can't be established.
RSA key fingerprint is SHA256:nThbg6kXUpJWGl7E1IGOCspRomTxdCARLviKw6E5SY8.
Are you sure you want to continue connecting (yes/no)? yes
Warning: Permanently added 'github.com,13.229.188.59' (RSA) to the list of known hosts.
warning: no common commits
remote: Enumerating objects: 3, done.
remote: Counting objects: 100% (3/3), done.
remote: Total 3 (delta 0), reused 0 (delta 0), pack-reused 0
Unpacking objects: 100% (3/3), done.
From github.com:skewface/test
 * [new branch]      master     -> origin/master
There is no tracking information for the current branch.
Please specify which branch you want to merge with.
See git-pull(1) for details.

    git pull <remote> <branch>

If you wish to set tracking information for this branch you can do so with:

    git branch --set-upstream-to=origin/<branch> master


Administrator@PC201501241736 MINGW32 /d/gitProject (master)
$ git pull origin master --allow-unrelated-histories
From github.com:skewface/test
 * branch            master     -> FETCH_HEAD
Merge made by the 'recursive' strategy.
 README.md | 1 +
 1 file changed, 1 insertion(+)
 create mode 100644 README.md

Administrator@PC201501241736 MINGW32 /d/gitProject (master)
$ git remote add origin git@github.com:skewface/test.git
fatal: remote origin already exists.

Administrator@PC201501241736 MINGW32 /d/gitProject (master)
$ git remote rm origin

Administrator@PC201501241736 MINGW32 /d/gitProject (master)
$ git remote add origin git@github.com:skewface/test.git

Administrator@PC201501241736 MINGW32 /d/gitProject (master)
$ git push -u origin master
Counting objects: 18, done.
Delta compression using up to 4 threads.
Compressing objects: 100% (11/11), done.
Writing objects: 100% (18/18), 1.54 KiB | 0 bytes/s, done.
Total 18 (delta 1), reused 0 (delta 0)
remote: Resolving deltas: 100% (1/1), done.
To github.com:skewface/test.git
   fbb056a..bdd4fcf  master -> master
Branch master set up to track remote branch master from origin.

Administrator@PC201501241736 MINGW32 /d/gitProject (master)
$
